// Jest Snapshot v1, https://goo.gl/fbAQLP

exports[`VStateSelect component initialization should render component and match snapshot 1`] = `
<div class="v-input theme--light v-text-field">
  <div class="v-input__control">
    <div class="v-input__slot">
      <div class="v-text-field__slot">
        <input id="input-1"
               type="text"
        >
      </div>
    </div>
    <div class="v-text-field__details">
      <div class="v-messages theme--light">
        <span name="message-transition"
              tag="div"
              class="v-messages__wrapper"
        >
        </span>
      </div>
    </div>
  </div>
</div>
`;
